------------------------------------------------------------
Timing Analyzer Summary
------------------------------------------------------------

Type  : Slow 1100mV 85C Model Setup 'clk'
Slack : -49.539
TNS   : -31034.452

Type  : Slow 1100mV 85C Model Hold 'clk'
Slack : 0.374
TNS   : 0.000

Type  : Slow 1100mV 85C Model Minimum Pulse Width 'clk'
Slack : -2.174
TNS   : -28791.968

Type  : Slow 1100mV 0C Model Setup 'clk'
Slack : -50.698
TNS   : -29525.312

Type  : Slow 1100mV 0C Model Hold 'clk'
Slack : 0.376
TNS   : 0.000

Type  : Slow 1100mV 0C Model Minimum Pulse Width 'clk'
Slack : -2.174
TNS   : -28798.913

Type  : Fast 1100mV 85C Model Setup 'clk'
Slack : -26.845
TNS   : -17051.546

Type  : Fast 1100mV 85C Model Hold 'clk'
Slack : 0.205
TNS   : 0.000

Type  : Fast 1100mV 85C Model Minimum Pulse Width 'clk'
Slack : -2.174
TNS   : -28440.275

Type  : Fast 1100mV 0C Model Setup 'clk'
Slack : -25.203
TNS   : -14029.438

Type  : Fast 1100mV 0C Model Hold 'clk'
Slack : 0.191
TNS   : 0.000

Type  : Fast 1100mV 0C Model Minimum Pulse Width 'clk'
Slack : -2.174
TNS   : -28451.709

------------------------------------------------------------
