------------------------------------------------------------
Timing Analyzer Summary
------------------------------------------------------------

Type  : Slow 1100mV 85C Model Setup 'clk'
Slack : -49.963
TNS   : -24729.168

Type  : Slow 1100mV 85C Model Hold 'clk'
Slack : 0.367
TNS   : 0.000

Type  : Slow 1100mV 85C Model Minimum Pulse Width 'clk'
Slack : -2.174
TNS   : -28796.651

Type  : Slow 1100mV 0C Model Setup 'clk'
Slack : -51.117
TNS   : -23482.231

Type  : Slow 1100mV 0C Model Hold 'clk'
Slack : 0.334
TNS   : 0.000

Type  : Slow 1100mV 0C Model Minimum Pulse Width 'clk'
Slack : -2.174
TNS   : -28802.296

Type  : Fast 1100mV 85C Model Setup 'clk'
Slack : -27.129
TNS   : -14303.874

Type  : Fast 1100mV 85C Model Hold 'clk'
Slack : 0.190
TNS   : 0.000

Type  : Fast 1100mV 85C Model Minimum Pulse Width 'clk'
Slack : -2.174
TNS   : -28437.501

Type  : Fast 1100mV 0C Model Setup 'clk'
Slack : -25.582
TNS   : -11870.230

Type  : Fast 1100mV 0C Model Hold 'clk'
Slack : 0.179
TNS   : 0.000

Type  : Fast 1100mV 0C Model Minimum Pulse Width 'clk'
Slack : -2.174
TNS   : -28447.427

------------------------------------------------------------
